0 verbose cli /usr/bin/node /usr/bin/npm
1 info using npm@9.2.0
2 info using node@v22.22.1
3 timing npm:load:whichnode Completed in 0ms
4 timing config:load:defaults Completed in 2ms
5 timing config:load:file:/usr/share/nodejs/npm/npmrc Completed in 13ms
6 timing config:load:builtin Completed in 13ms
7 timing config:load:cli Completed in 3ms
8 timing config:load:env Completed in 0ms
9 timing config:load:project Completed in 11ms
10 timing config:load:file:/home/ubuntu/.npmrc Completed in 0ms
11 timing config:load:user Completed in 0ms
12 timing config:load:file:/etc/npmrc Completed in 0ms
13 timing config:load:global Completed in 1ms
14 timing config:load:setEnvs Completed in 1ms
15 timing config:load Completed in 33ms
16 timing npm:load:configload Completed in 33ms
17 timing npm:load:mkdirpcache Completed in 0ms
18 timing npm:load:mkdirplogs Completed in 0ms
19 verbose title npm install prettier
20 verbose argv "install" "--global" "prettier"
21 timing npm:load:setTitle Completed in 1ms
22 timing config:load:flatten Completed in 3ms
23 timing npm:load:display Completed in 4ms
24 verbose logfile logs-max:10 dir:/home/ubuntu/.npm/_logs/2026-07-24T10_19_46_441Z-
25 verbose logfile /home/ubuntu/.npm/_logs/2026-07-24T10_19_46_441Z-debug-0.log
26 timing npm:load:logFile Completed in 12ms
27 timing npm:load:timers Completed in 0ms
28 timing npm:load:configScope Completed in 0ms
29 timing npm:load Completed in 52ms
30 timing config:load:flatten Completed in 1ms
31 timing arborist:ctor Completed in 1ms
32 silly logfile done cleaning log files
33 timing idealTree:init Completed in 8ms
34 timing idealTree:userRequests Completed in 5ms
35 silly idealTree buildDeps
36 silly fetch manifest prettier@*
37 http fetch GET 200 https://registry.npmjs.org/prettier 129ms (cache miss)
38 silly placeDep ROOT prettier@3.9.6 OK for:  want: *
39 timing idealTree:#root Completed in 144ms
40 timing idealTree:node_modules/prettier Completed in 0ms
41 timing idealTree:buildDeps Completed in 145ms
42 timing idealTree:fixDepFlags Completed in 0ms
43 timing idealTree Completed in 161ms
44 timing reify:loadTrees Completed in 163ms
45 timing reify:diffTrees Completed in 1ms
46 silly reify moves {}
47 timing reify:retireShallow Completed in 1ms
48 timing reify:rollback:createSparse Completed in 0ms
49 timing reify:rollback:retireShallow Completed in 0ms
50 timing command:install Completed in 179ms
51 verbose stack Error: EACCES: permission denied, mkdir '/usr/local/lib/node_modules'
51 verbose stack     at async mkdir (node:internal/fs/promises:855:10)
51 verbose stack     at async /usr/share/nodejs/@npmcli/arborist/lib/arborist/reify.js:521:20
51 verbose stack     at async Promise.allSettled (index 0)
51 verbose stack     at async [reifyPackages] (/usr/share/nodejs/@npmcli/arborist/lib/arborist/reify.js:234:11)
51 verbose stack     at async Arborist.reify (/usr/share/nodejs/@npmcli/arborist/lib/arborist/reify.js:158:5)
51 verbose stack     at async Install.exec (/usr/share/nodejs/npm/lib/commands/install.js:146:5)
51 verbose stack     at async module.exports (/usr/share/nodejs/npm/lib/cli.js:133:5)
52 verbose cwd /home/ubuntu/ansible/playbook
53 verbose Linux 7.0.0-1006-aws
54 verbose node v22.22.1
55 verbose npm  v9.2.0
56 error code EACCES
57 error syscall mkdir
58 error path /usr/local/lib/node_modules
59 error errno -13
60 error Error: EACCES: permission denied, mkdir '/usr/local/lib/node_modules'
60 error     at async mkdir (node:internal/fs/promises:855:10)
60 error     at async /usr/share/nodejs/@npmcli/arborist/lib/arborist/reify.js:521:20
60 error     at async Promise.allSettled (index 0)
60 error     at async [reifyPackages] (/usr/share/nodejs/@npmcli/arborist/lib/arborist/reify.js:234:11)
60 error     at async Arborist.reify (/usr/share/nodejs/@npmcli/arborist/lib/arborist/reify.js:158:5)
60 error     at async Install.exec (/usr/share/nodejs/npm/lib/commands/install.js:146:5)
60 error     at async module.exports (/usr/share/nodejs/npm/lib/cli.js:133:5) {
60 error   errno: -13,
60 error   code: 'EACCES',
60 error   syscall: 'mkdir',
60 error   path: '/usr/local/lib/node_modules'
60 error }
61 error
61 error The operation was rejected by your operating system.
61 error It is likely you do not have the permissions to access this file as the current user
61 error
61 error If you believe this might be a permissions issue, please double-check the
61 error permissions of the file and its containing directories, or try running
61 error the command again as root/Administrator.
62 verbose exit -13
63 timing npm Completed in 262ms
64 verbose unfinished npm timer reify 1784888386532
65 verbose unfinished npm timer reify:createSparse 1784888386705
66 verbose code -13
67 error A complete log of this run can be found in:
67 error     /home/ubuntu/.npm/_logs/2026-07-24T10_19_46_441Z-debug-0.log
